// Jest Snapshot v1, https://goo.gl/fbAQLP

exports[`Should match snapshot 1`] = `
<View
  style={
    {
      "alignItems": undefined,
      "width": "100%",
    }
  }
  testID="test-textLabel-id"
>
  <Text
    style={
      {
        "color": "black",
        "fontSize": 10,
        "textAlign": undefined,
        "width": "100%",
      }
    }
  >
    TextLabel Test
  </Text>
</View>
`;
