// Jest Snapshot v1, https://goo.gl/fbAQLP

exports[`Should match snapshot: 1`] = `
<View
  accessibilityState={
    {
      "busy": undefined,
      "checked": undefined,
      "disabled": undefined,
      "expanded": undefined,
      "selected": undefined,
    }
  }
  accessibilityValue={
    {
      "max": undefined,
      "min": undefined,
      "now": undefined,
      "text": undefined,
    }
  }
  accessible={true}
  collapsable={false}
  focusable={true}
  onClick={[Function]}
  onResponderGrant={[Function]}
  onResponderMove={[Function]}
  onResponderRelease={[Function]}
  onResponderTerminate={[Function]}
  onResponderTerminationRequest={[Function]}
  onStartShouldSetResponder={[Function]}
  style={
    {
      "alignItems": "center",
      "backgroundColor": "rgb(236 72 153)",
      "borderRadius": 5,
      "flexDirection": "row",
      "height": 40,
      "justifyContent": "center",
      "margin": 5,
      "maxHeight": 40,
      "opacity": 1,
      "shadowColor": "#94a3b8",
      "shadowOffset": {
        "height": 2,
        "width": 0,
      },
      "shadowOpacity": 0.23,
      "shadowRadius": 2.62,
      "textAlign": "center",
    }
  }
  testID="test-button-id"
>
  <Text
    style={
      {
        "color": "white",
        "fontWeight": "bold",
      }
    }
  >
    test test
  </Text>
</View>
`;
