// Jest Snapshot v1, https://goo.gl/fbAQLP

exports[`Should match snapshot 1`] = `
<TextInput
  data-testid="test-input-id"
  placeholder="jestem"
  style={
    {
      "borderColor": "rgb(214 211 209)",
      "borderRadius": 5,
      "borderStyle": "solid",
      "borderWidth": 2,
      "height": 40,
      "width": "100%",
    }
  }
  testID="test-input-id"
/>
`;
